---
source: frontend/src/parser2.rs
expression: res
---
"\u{1b}[31mError:\u{1b}[0m found ) expected '(', '+', or end of input\n   \u{1b}[38;5;246m╭\u{1b}[0m\u{1b}[38;5;246m─\u{1b}[0m\u{1b}[38;5;246m[\u{1b}[0mL:1:3\u{1b}[38;5;246m]\u{1b}[0m\n   \u{1b}[38;5;246m│\u{1b}[0m\n \u{1b}[38;5;246m1 │\u{1b}[0m \u{1b}[38;5;249ma\u{1b}[0m\u{1b}[38;5;249m(\u{1b}[0m)\u{1b}[38;5;249m.\u{1b}[0m\u{1b}[38;5;249mb\u{1b}[0m\n \u{1b}[38;5;240m  │\u{1b}[0m   ┬  \n \u{1b}[38;5;240m  │\u{1b}[0m   ╰── found ) expected '(', '+', or end of input\n\u{1b}[38;5;246m───╯\u{1b}[0m\n"
