---
source: frontend/src/parser2.rs
expression: "(tokens, errs)"
---
(
    Some(
        [
            (
                Ident(
                    "input",
                ),
                0..5,
            ),
            (
                Ident(
                    "a",
                ),
                6..7,
            ),
            (
                Ident(
                    "b",
                ),
                8..9,
            ),
            (
                Op(
                    "++",
                ),
                10..12,
            ),
            (
                Str(
                    "\"abc\"",
                ),
                13..18,
            ),
            (
                Op(
                    "-+=",
                ),
                19..22,
            ),
            (
                Let,
                23..26,
            ),
            (
                Ident(
                    "a",
                ),
                27..28,
            ),
            (
                Return,
                29..35,
            ),
            (
                Ctrl(
                    ':',
                ),
                36..37,
            ),
            (
                Ctrl(
                    '{',
                ),
                38..39,
            ),
            (
                Ctrl(
                    '[',
                ),
                40..41,
            ),
        ],
    ),
    [],
)
