---
source: frontend/src/parser2.rs
expression: res
---
"Expr { kind: GetAttr { expr: Expr { kind: Call { object: Expr { kind: Var(Var { name: WithSpan { x: Symbol(NodeId(0)), span: 0..1 }, ty: None }), span: 0..1 }, args: [] }, span: 0..3 }, sym: WithSpan { x: Symbol(NodeId(1)), span: 4..5 } }, span: 0..5 }"
